[riwatemplate.framer.website/index.html]
[backblue.gif]
[fade.gif]
[index.html]
[framerusercontent.com/images/JnaaGZS7KL32gq59BBRC4tn87XA.png]
[riwatemplate.framer.website/about.html]
[riwatemplate.framer.website/projects.html]
[framerusercontent.com/images/rR6HYXBrMmX4cRpXfXUOvpvpB0.png]
[riwatemplate.framer.website/contact.html]
[framerusercontent.com/images/Vcxx9YiuyDqh1ZHN91IjT7ESi2418b3.png]
[framerusercontent.com/images/rSAFXNsQ8mZZuXRmSQPEcm7ZFdI90ee.png]
[framerusercontent.com/images/hVw9kNp2FMDLwY3XrspYz1aNEAAd257.png]
[framerusercontent.com/images/SZqxjDXoucFymomkuMx5jvvERk32ea.png]
[framerusercontent.com/images/EdL8JGrPYuy93G4PMskMdlUXsmE115e.png]
[framerusercontent.com/images/iOB412e9ds8fsiF8ydsrlpUcTU115e.png]
[framerusercontent.com/images/DZ0n9eHXmI1TEyW1M9TqPx7dcQcd2c.png]
[framerusercontent.com/images/iLSPlICO6C5n8tUchcqX3wuYawQe99f.png]
[framerusercontent.com/images/DUpgv4MWY6M9RXGoTwo9ZPm3qU41f8.png]
[riwatemplate.framer.website/projects/forge.html]
[framerusercontent.com/images/PsIKB0xl841fD8Y6xKutUWB1s5A3482.png]
[riwatemplate.framer.website/projects/atlas.html]
[framerusercontent.com/images/ajnaCykjlkH0owAJBGxPsbEbA4e04.png]
[riwatemplate.framer.website/projects/rivet.html]
[framerusercontent.com/images/gwcl0i8PykRTbZTrb3qX1u5Cex03936.png]
[riwatemplate.framer.website/projects/pulse.html]
[framerusercontent.com/images/kUvTWT6aFl0FoYwnzdwC2fvmr49966.png]
[riwatemplate.framer.website/projects/foundry.html]
[framerusercontent.com/images/EW5tkzMcFAYO7KkndPaprGoyE683f.png]
[framerusercontent.com/images/v3mbZkpUoMz9lUzeRjJuFvoPDQd7f7.png]
[framerusercontent.com/images/mejBrZwLLLCA9QGXDrysgLw15f817dc.png]
[framerusercontent.com/images/OZh9Bb0De9sMfLgwrZpROjzsVvke5d1.png]
[framerusercontent.com/images/01dKzqKjdEl25vXibqTXchrjA78ca.png]
[framerusercontent.com/images/XmsMqMWUshjI8eeccfxDREhIWMA78ca.png]
[framerusercontent.com/images/R9BKQQhEyVccDcUAXpm0JCiRv4Y78ca.png]
[framerusercontent.com/images/HT9d1B3PDLh8rJbjsrrTQtrbZY78ca.png]
[framerusercontent.com/images/uZoBg8iHrnM8hSPmjt5zorl84Ea08c.png]
[framerusercontent.com/images/ktsuWf4Tf27q23B9A97W3QbIa08c.png]
[framerusercontent.com/images/eErubWlYEcuv2zTYrB1t06SqWAa08c.png]
[riwatemplate.framer.website/blog/the-rules-of-modern-branding.html]
[framerusercontent.com/images/XZxmCYPcw0jH4D07jua026KmE832d.png]
[riwatemplate.framer.website/blog/branding-is-a-system-not-a-logo.html]
[framerusercontent.com/images/9g7MtlJZIC5qSpVEuN45KQZLKM832d.png]
[framerusercontent.com/images/XEalLDEbVPPARU2SE9KvA1hUWQ832d.png]
[riwatemplate.framer.website/blog/clarity-is-the-new-competitive-advantage.html]
[riwatemplate.framer.website/blog/from-aesthetic-to-experience.html]
[framerusercontent.com/images/Xib8it0RPoiUgg4oU8QheO1AAz0832d.png]
[riwatemplate.framer.website/terms-of-service.html]
[riwatemplate.framer.website/privacy-policy.html]
[framerusercontent.com/images/AaqFy03uqFcTt47WPtIZ2IZ84a47d.png]
[framerusercontent.com/images/DUpgv4MWY6M9RXGoTwo9ZPm3qU2b06.png]
[framerusercontent.com/images/PsIKB0xl841fD8Y6xKutUWB1s5Aa57c.png]
[framerusercontent.com/images/ajnaCykjlkH0owAJBGxPsbEbA29e8.png]
[framerusercontent.com/images/gwcl0i8PykRTbZTrb3qX1u5Cex03a2c.png]
[framerusercontent.com/images/kUvTWT6aFl0FoYwnzdwC2fvmr494b8.png]
[framerusercontent.com/images/Xib8it0RPoiUgg4oU8QheO1AAz0284d.png]
[framerusercontent.com/images/XZxmCYPcw0jH4D07jua026KmE284d.png]
[framerusercontent.com/images/9g7MtlJZIC5qSpVEuN45KQZLKM284d.png]
[framerusercontent.com/images/XEalLDEbVPPARU2SE9KvA1hUWQ284d.png]
[riwatemplate.framer.website/index.html]
[framerusercontent.com/images/k3dBfPfWaFCsWqPbO4V0wlpjAYA9512.png]
[framerusercontent.com/images/2RDugtffPjINimUn3Axlq7tnBoae0e.png]
[framerusercontent.com/images/CpMnFV8qblfuQskeT0PJeUNOKdgae0e.png]
[framerusercontent.com/images/kAmJ6FWvShs2T1rJeABZkNCEKuoae0e.png]
[framerusercontent.com/images/2eMpEbfki6hsTqqIlIMzHIkkhyc923c.png]
[framerusercontent.com/images/mHYWmFoohlWHRSTU993OFPRfAba3b.png]
[riwatemplate.framer.website/about/photo-moments.html]
[framerusercontent.com/images/FmrjN0gRlHdZNzJ3XGQzLW8i4Bw80e6.png]
[riwatemplate.framer.website/about/photo-archive.html]
[framerusercontent.com/images/g23abnqWQ7HODdoF9gzHfAWqDE80e6.png]
[riwatemplate.framer.website/about.html]
[framerusercontent.com/images/fLw0e56EY1iqyjq9xTbMUJdwk7k6f3d.png]
[riwatemplate.framer.website/projects/moveme.html]
[framerusercontent.com/images/fLw0e56EY1iqyjq9xTbMUJdwk7k865d.png]
[riwatemplate.framer.website/projects.html]
[riwatemplate.framer.website/contact.html]
[framerusercontent.com/images/XZwhaHoj3I7T2KmKEa3f7v1RUtk05e1.png]
[framerusercontent.com/images/9dkLzglLzOZCQEIVQHQpKodUevw05e1.png]
[framerusercontent.com/images/oliq7YuxQPuTIe4Yfk95NI7G1hs05e1.png]
[framerusercontent.com/images/WqhSbKpALu7JV61AM9IF01GU05e1.png]
[framerusercontent.com/images/4JCe2S4qomeL7smLLEUS5fQRdb405e1.png]
[framerusercontent.com/images/HuxGm9761o0ZmQhv9ApKiJU3MA5ad8.png]
[framerusercontent.com/images/XZwhaHoj3I7T2KmKEa3f7v1RUtkab32.png]
[framerusercontent.com/images/9dkLzglLzOZCQEIVQHQpKodUevw25de.png]
[framerusercontent.com/images/oliq7YuxQPuTIe4Yfk95NI7G1hs3255.png]
[framerusercontent.com/images/WqhSbKpALu7JV61AM9IF01GU8a0e.png]
[framerusercontent.com/images/4JCe2S4qomeL7smLLEUS5fQRdb46b14.png]
[riwatemplate.framer.website/projects/forge.html]
[riwatemplate.framer.website/projects/atlas.html]
[riwatemplate.framer.website/projects/rivet.html]
[riwatemplate.framer.website/projects/pulse.html]
[riwatemplate.framer.website/projects/foundry.html]
[riwatemplate.framer.website/blog]
[framerusercontent.com/images/YtwHXcpQMxBKEr6UO40YCVRou8832d.png]
[riwatemplate.framer.website/blog/branding-in-the-age-of-speed.html]
[riwatemplate.framer.website/blog/the-role-of-motion-in-brand-perception.html]
[framerusercontent.com/images/wmmVhUQZl5IO9yDguRLEGMsik832d.png]
[framerusercontent.com/images/YtwHXcpQMxBKEr6UO40YCVRou8284d.png]
[framerusercontent.com/images/wmmVhUQZl5IO9yDguRLEGMsik284d.png]
[riwatemplate.framer.website/blog/the-rules-of-modern-branding.html]
[riwatemplate.framer.website/blog/branding-is-a-system-not-a-logo.html]
[riwatemplate.framer.website/blog/clarity-is-the-new-competitive-advantage.html]
[riwatemplate.framer.website/blog/from-aesthetic-to-experience.html]
[riwatemplate.framer.website/terms-of-service.html]
[riwatemplate.framer.website/privacy-policy.html]
[framerusercontent.com/images/gqNOYSvgFevvhJAkEaOBokZVvUaaf1.png]
[framerusercontent.com/images/k3dBfPfWaFCsWqPbO4V0wlpjAYA38d6.png]
[framerusercontent.com/images/gqNOYSvgFevvhJAkEaOBokZVvU5eed.png]
[riwatemplate.framer.website/about/photo-moments.html]
[riwatemplate.framer.website/about/photo-archive.html]
[riwatemplate.framer.website/projects/moveme.html]
[riwatemplate.framer.website/blog]
[framerusercontent.com/images/8xhcvhaLytBoWLz0n7560eE8aDE832d.png]
[riwatemplate.framer.website/blog/designing-brands-that-scale.html]
[framerusercontent.com/images/8xhcvhaLytBoWLz0n7560eE8aDE284d.png]
[riwatemplate.framer.website/blog/branding-in-the-age-of-speed.html]
[riwatemplate.framer.website/blog/the-role-of-motion-in-brand-perception.html]
[riwatemplate.framer.website/blog/designing-brands-that-scale.html]
